? Do you like testing? 
? Do you like testing? y
