? Do you like testing? y
? Do you like testing? n
