? Do you like testing?
  y 
➤ n
↑/↓ toggle
? Do you like testing?
➤ y 
  n
? Do you like testing?
