? Please enter your name: Ji
? Please enter your name: J
? Please enter your name: James
