? Please enter your name: ji 
âœ˜ name must be uppercase
? Please enter your name: j ? Please enter your name: (first name only)? Please enter your name: Jim 