? Please enter your name: jim 
âœ˜ name must be uppercase
