? Please enter your name: jim 
âœ˜ Name must be uppercase