? Choose a color:

  [ ] Red
➤ [ ] Green
  [ ] Blue


? help • q quit
? Choose a color:
➤ [x] Green
? Choose a color:
