? Choose a color:

  Red
➤ Green
  Blue
  •

? help • q quit
